// Jest Snapshot v1, https://goo.gl/fbAQLP

exports[`Probando el componente GifItem Debe hacer match con el snapshot 1`] = `
<div>
  <div
    class="card"
  >
    <img
      alt="MELISSA ERES HERMOSA"
      src="http://localhost/PRUEBA%20DE%20URL"
    />
    <p>
      MELISSA ERES HERMOSA
    </p>
  </div>
</div>
`;
